// Jest Snapshot v1, https://goo.gl/fbAQLP

exports[`CarDetails renders the car details component 1`] = `[Function]`;
