// Jest Snapshot v1, https://goo.gl/fbAQLP

exports[`renders cars component snapshot 1`] = `
<DocumentFragment>
  <div>
    <div
      class="cars-container"
    >
      <div>
        <h1
          class="cars-container-header"
        >
          LATEST BRIDAL CARS
        </h1>
        <p
          class="cars-container-subheader"
        >
          Choose your bridal car today!
        </p>
      </div>
      <div
        class="dotten-line"
      />
      <div />
      <div
        class="car-list-wrapper"
      >
        <button
          class="btnPrev"
          disabled=""
          type="button"
        >
          <svg
            fill="currentColor"
            height="1em"
            stroke="currentColor"
            stroke-width="0"
            viewBox="0 0 192 512"
            width="1em"
            xmlns="http://www.w3.org/2000/svg"
          >
            <path
              d="M192 127.338v257.324c0 17.818-21.543 26.741-34.142 14.142L29.196 270.142c-7.81-7.81-7.81-20.474 0-28.284l128.662-128.662c12.599-12.6 34.142-3.676 34.142 14.142z"
            />
          </svg>
        </button>
        <div
          class="cars-list"
        >
          <p>
            No cars available.
          </p>
        </div>
        <button
          class="btnNext"
          type="button"
        >
          <svg
            fill="currentColor"
            height="1em"
            stroke="currentColor"
            stroke-width="0"
            viewBox="0 0 192 512"
            width="1em"
            xmlns="http://www.w3.org/2000/svg"
          >
            <path
              d="M0 384.662V127.338c0-17.818 21.543-26.741 34.142-14.142l128.662 128.662c7.81 7.81 7.81 20.474 0 28.284L34.142 398.804C21.543 411.404 0 402.48 0 384.662z"
            />
          </svg>
        </button>
      </div>
    </div>
    <div
      class="add-car-btn"
    >
      <a
        href="/add-car"
      >
        Add Car
      </a>
    </div>
  </div>
</DocumentFragment>
`;
